
> ayush-portfolio@0.1.0 build
> next build

⚠ Warning: Next.js inferred your workspace root, but it may not be correct.
 We detected multiple lockfiles and selected the directory of C:\Users\donay\package-lock.json as the root directory.
 To silence this warning, set `turbopack.root` in your Next.js config, or consider removing one of the lockfiles if it's not needed.
   See https://nextjs.org/docs/app/api-reference/config/next-config-js/turbopack#root-directory for more information.
 Detected additional lockfiles: 
   * C:\Users\donay\Documents\GIT HUB\portfolio\package-lock.json

▲ Next.js 16.1.6 (Turbopack)

  Creating an optimized production build ...
✓ Compiled successfully in 5.4s
  Running TypeScript ...
  Collecting page data using 17 workers ...
  Generating static pages using 17 workers (0/4) ...
  Generating static pages using 17 workers (1/4) 
  Generating static pages using 17 workers (2/4) 
  Generating static pages using 17 workers (3/4) 
✓ Generating static pages using 17 workers (4/4) in 663.6ms
  Finalizing page optimization ...

Route (app)
┌ ○ /
├ ○ /_not-found
└ ƒ /project/[slug]


○  (Static)   prerendered as static content
ƒ  (Dynamic)  server-rendered on demand

